Run:		task_run_id
Status:		DONE
Start time:	01 Jan 25 10:00:00 CET
End time:	01 Jan 25 11:00:00 CET
Duration:	1h0m0s
Progress: 	
- Name: keyspace1.table1: 
  Size: 1000B
  Restored: 1000B
  Duration: 30m0s
  Status: done
	
- Name: keyspace1.table2: 
  Size: 1000B
  Restored: 1000B
  Duration: 1h0m0s
  Status: done

- Name: keyspace1.view1: 
  Duration: 30m0s
  Status: done

- Name: keyspace1.index1: 
  Duration: 30m0s
  Status: done
